
=== 2025-10-23 19:22:04 ===
POST Data: Array
(
    [id] => 60
)


=== 2025-10-23 19:24:54 ===
POST Data: Array
(
    [id] => 2
)


=== 2025-10-23 19:28:34 ===
POST Data: Array
(
    [id] => 60
)


=== 2025-10-23 19:29:40 ===
POST Data: Array
(
    [id] => 60
)


=== 2025-10-23 19:29:57 ===
POST Data: Array
(
    [id] => 62
)


=== 2025-10-23 19:40:49 ===
POST Data: Array
(
    [id] => 2
)


=== 2025-10-23 20:02:57 ===
POST Data: Array
(
    [id] => 62
)


=== 2025-10-23 20:13:29 DEMOTE ===
POST Data: Array
(
    [id] => 62
)


=== 2025-10-23 20:13:43 DEMOTE ===
POST Data: Array
(
    [id] => 2
)


=== 2025-10-26 14:17:09 ===
POST Data: Array
(
    [id] => 2
)


=== 2025-10-26 14:17:18 DEMOTE ===
POST Data: Array
(
    [id] => 2
)


=== 2025-11-08 00:07:38 ===
POST Data: Array
(
    [id] => 62
)

